---
source: src/manipulator/check.rs
expression: log_contents.unwrap()
---
+--------------------------+--------+---------+
| description              | result | details |
+--------------------------+--------+---------+
| Correct number of tokens | [32m+[0m      |         |
+--------------------------+--------+---------+

+--------------------------+--------+---------+
| description              | result | details |
+--------------------------+--------+---------+
| Correct number of tokens | [32m+[0m      |         |
+--------------------------+--------+---------+
