---
source: src/exporter/table.rs
expression: export.unwrap()
---
"norm::lemma"	"id_norm::lemma"	"norm::pos"	"id_norm::pos"	"dipl::sentence"	"id_dipl::sentence"	"norm::norm"	"id_norm::norm"	"dipl::dipl"	"id_dipl::dipl"
"I"	"exmaralda/test_doc#a_norm_T286-T0"	"PRON"	"exmaralda/test_doc#a_norm_T286-T0"	"1"	"exmaralda/test_doc#a_dipl_T286-T4"	"I"	"exmaralda/test_doc#t_norm_T286-T0"	"I'm"	"exmaralda/test_doc#t_dipl_T286-T1"
"be"	"exmaralda/test_doc#a_norm_T0-T1"	"VERB"	"exmaralda/test_doc#a_norm_T0-T1"	"1"	"exmaralda/test_doc#a_dipl_T286-T4"	"am"	"exmaralda/test_doc#t_norm_T0-T1"	"I'm"	"exmaralda/test_doc#t_dipl_T286-T1"
"in"	"exmaralda/test_doc#a_norm_T1-T2"	"ADP"	"exmaralda/test_doc#a_norm_T1-T2"	"1"	"exmaralda/test_doc#a_dipl_T286-T4"	"in"	"exmaralda/test_doc#t_norm_T1-T2"	"in"	"exmaralda/test_doc#t_dipl_T1-T2"
"New York"	"exmaralda/test_doc#a_norm_T2-T4"	"PRON"	"exmaralda/test_doc#a_norm_T2-T4"	"1"	"exmaralda/test_doc#a_dipl_T286-T4"	"New York"	"exmaralda/test_doc#t_norm_T2-T4"	"New"	"exmaralda/test_doc#t_dipl_T2-T3"
"New York"	"exmaralda/test_doc#a_norm_T2-T4"	"PRON"	"exmaralda/test_doc#a_norm_T2-T4"	"1"	"exmaralda/test_doc#a_dipl_T286-T4"	"New York"	"exmaralda/test_doc#t_norm_T2-T4"	"York"	"exmaralda/test_doc#t_dipl_T3-T4"

