---
source: src/exporter/table.rs
expression: export.unwrap()
---
---- test_doc.csv:
norm::pos	id_norm::pos	annis::tok	id_annis::tok	dipl::sentence	id_dipl::sentence	norm::lemma	id_norm::lemma	norm::norm	id_norm::norm	dipl::dipl	id_dipl::dipl
PRON	exmaralda/test_doc#a_norm_T286-T0	 	exmaralda/test_doc#T286	1	exmaralda/test_doc#a_dipl_T286-T4	I	exmaralda/test_doc#a_norm_T286-T0	I	exmaralda/test_doc#t_norm_T286-T0	I'm	exmaralda/test_doc#t_dipl_T286-T1
VERB	exmaralda/test_doc#a_norm_T0-T1	 	exmaralda/test_doc#T0	1	exmaralda/test_doc#a_dipl_T286-T4	be	exmaralda/test_doc#a_norm_T0-T1	am	exmaralda/test_doc#t_norm_T0-T1	I'm	exmaralda/test_doc#t_dipl_T286-T1
ADP	exmaralda/test_doc#a_norm_T1-T2	 	exmaralda/test_doc#T1	1	exmaralda/test_doc#a_dipl_T286-T4	in	exmaralda/test_doc#a_norm_T1-T2	in	exmaralda/test_doc#t_norm_T1-T2	in	exmaralda/test_doc#t_dipl_T1-T2
PRON	exmaralda/test_doc#a_norm_T2-T4	 	exmaralda/test_doc#T2	1	exmaralda/test_doc#a_dipl_T286-T4	New York	exmaralda/test_doc#a_norm_T2-T4	New York	exmaralda/test_doc#t_norm_T2-T4	New	exmaralda/test_doc#t_dipl_T2-T3
PRON	exmaralda/test_doc#a_norm_T2-T4	 	exmaralda/test_doc#T3	1	exmaralda/test_doc#a_dipl_T286-T4	New York	exmaralda/test_doc#a_norm_T2-T4	New York	exmaralda/test_doc#t_norm_T2-T4	York	exmaralda/test_doc#t_dipl_T3-T4
		 	exmaralda/test_doc#T4
