---
source: src/importer/saltxml/tests.rs
expression: actual
---
<?xml version="1.0" encoding="UTF-8"?>
<graphml>
    <key id="k0" for="node" attr.name="Inf-Struct" attr.type="string"/>
    <key id="k1" for="node" attr.name="salt::SDOCUMENT_GRAPH_LOCATION" attr.type="string"/>
    <key id="k2" for="node" attr.name="syntax::const" attr.type="string"/>
    <key id="k3" for="node" attr.name="annis::doc" attr.type="string"/>
    <key id="k4" for="node" attr.name="annis::layer" attr.type="string"/>
    <key id="k5" for="node" attr.name="salt::lemma" attr.type="string"/>
    <key id="k6" for="node" attr.name="annis::node_type" attr.type="string"/>
    <key id="k7" for="node" attr.name="salt::pos" attr.type="string"/>
    <key id="k8" for="node" attr.name="annis::tok" attr.type="string"/>
    <key id="k9" for="node" attr.name="annis::tok-whitespace-after" attr.type="string"/>
    <graph edgedefault="directed" parse.order="nodesfirst" parse.nodeids="free" parse.edgeids="canonical">
        <node id="rootCorpus">
            <data key="k6">corpus</data>
        </node>
        <node id="rootCorpus/subCorpus1">
            <data key="k6">corpus</data>
        </node>
        <node id="rootCorpus/subCorpus2">
            <data key="k6">corpus</data>
        </node>
        <node id="rootCorpus/subCorpus1/doc1">
            <data key="k1">file:/home/thomas/korpora/SaltSampleCorpus/rootCorpus/subCorpus1/doc1.salt</data>
            <data key="k3">doc1</data>
            <data key="k6">corpus</data>
        </node>
        <node id="rootCorpus/subCorpus1/doc2">
            <data key="k1">file:/home/thomas/korpora/SaltSampleCorpus/rootCorpus/subCorpus1/doc2.salt</data>
            <data key="k3">doc2</data>
            <data key="k6">corpus</data>
        </node>
        <node id="rootCorpus/subCorpus2/doc3">
            <data key="k1">file:/home/thomas/korpora/SaltSampleCorpus/rootCorpus/subCorpus2/doc3.salt</data>
            <data key="k3">doc3</data>
            <data key="k6">corpus</data>
        </node>
        <node id="rootCorpus/subCorpus2/doc4">
            <data key="k1">file:/home/thomas/korpora/SaltSampleCorpus/rootCorpus/subCorpus2/doc4.salt</data>
            <data key="k3">doc4</data>
            <data key="k6">corpus</data>
        </node>
        <node id="rootCorpus/subCorpus1/doc1#sText1">
            <data key="k6">datasource</data>
        </node>
        <node id="rootCorpus/subCorpus1/doc1#sTok1">
            <data key="k4">morphology</data>
            <data key="k5">be</data>
            <data key="k6">node</data>
            <data key="k7">VBZ</data>
            <data key="k8">Is</data>
            <data key="k9"> </data>
        </node>
        <node id="rootCorpus/subCorpus1/doc1#sTok2">
            <data key="k4">morphology</data>
            <data key="k5">this</data>
            <data key="k6">node</data>
            <data key="k7">DT</data>
            <data key="k8">this</data>
            <data key="k9"> </data>
        </node>
        <node id="rootCorpus/subCorpus1/doc1#sTok3">
            <data key="k4">morphology</data>
            <data key="k5">example</data>
            <data key="k6">node</data>
            <data key="k7">NN</data>
            <data key="k8">example</data>
            <data key="k9"> </data>
        </node>
        <node id="rootCorpus/subCorpus1/doc1#sTok4">
            <data key="k4">morphology</data>
            <data key="k5">more</data>
            <data key="k6">node</data>
            <data key="k7">RBR</data>
            <data key="k8">more</data>
            <data key="k9"> </data>
        </node>
        <node id="rootCorpus/subCorpus1/doc1#sTok5">
            <data key="k4">morphology</data>
            <data key="k5">complicated</data>
            <data key="k6">node</data>
            <data key="k7">JJ</data>
            <data key="k8">complicated</data>
            <data key="k9"> </data>
        </node>
        <node id="rootCorpus/subCorpus1/doc1#sTok6">
            <data key="k4">morphology</data>
            <data key="k5">than</data>
            <data key="k6">node</data>
            <data key="k7">IN</data>
            <data key="k8">than</data>
            <data key="k9"> </data>
        </node>
        <node id="rootCorpus/subCorpus1/doc1#sTok7">
            <data key="k4">morphology</data>
            <data key="k5">it</data>
            <data key="k6">node</data>
            <data key="k7">PRP</data>
            <data key="k8">it</data>
            <data key="k9"> </data>
        </node>
        <node id="rootCorpus/subCorpus1/doc1#sTok8">
            <data key="k4">morphology</data>
            <data key="k5">appear</data>
            <data key="k6">node</data>
            <data key="k7">VBZ</data>
            <data key="k8">appears</data>
            <data key="k9"> </data>
        </node>
        <node id="rootCorpus/subCorpus1/doc1#sTok9">
            <data key="k4">morphology</data>
            <data key="k5">to</data>
            <data key="k6">node</data>
            <data key="k7">TO</data>
            <data key="k8">to</data>
            <data key="k9"> </data>
        </node>
        <node id="rootCorpus/subCorpus1/doc1#sTok10">
            <data key="k4">morphology</data>
            <data key="k5">be</data>
            <data key="k6">node</data>
            <data key="k7">VB</data>
            <data key="k8">be</data>
        </node>
        <node id="rootCorpus/subCorpus1/doc1#sTok11">
            <data key="k4">morphology</data>
            <data key="k5">?</data>
            <data key="k6">node</data>
            <data key="k7">.</data>
            <data key="k8">?</data>
        </node>
        <node id="rootCorpus/subCorpus1/doc1#IS_span1">
            <data key="k0">contrast-focus</data>
            <data key="k6">node</data>
        </node>
        <node id="rootCorpus/subCorpus1/doc1#IS_span2">
            <data key="k0">topic</data>
            <data key="k6">node</data>
        </node>
        <node id="rootCorpus/subCorpus1/doc1#structure1">
            <data key="k2">ROOT</data>
            <data key="k4">syntax</data>
            <data key="k6">node</data>
        </node>
        <node id="rootCorpus/subCorpus1/doc1#structure2">
            <data key="k2">SQ</data>
            <data key="k4">syntax</data>
            <data key="k6">node</data>
        </node>
        <node id="rootCorpus/subCorpus1/doc1#structure3">
            <data key="k2">NP</data>
            <data key="k4">syntax</data>
            <data key="k6">node</data>
        </node>
        <node id="rootCorpus/subCorpus1/doc1#structure4">
            <data key="k2">ADJP</data>
            <data key="k4">syntax</data>
            <data key="k6">node</data>
        </node>
        <node id="rootCorpus/subCorpus1/doc1#structure5">
            <data key="k2">ADJP</data>
            <data key="k4">syntax</data>
            <data key="k6">node</data>
        </node>
        <node id="rootCorpus/subCorpus1/doc1#structure6">
            <data key="k2">SBar</data>
            <data key="k4">syntax</data>
            <data key="k6">node</data>
        </node>
        <node id="rootCorpus/subCorpus1/doc1#structure7">
            <data key="k2">S</data>
            <data key="k4">syntax</data>
            <data key="k6">node</data>
        </node>
        <node id="rootCorpus/subCorpus1/doc1#structure8">
            <data key="k2">NP</data>
            <data key="k4">syntax</data>
            <data key="k6">node</data>
        </node>
        <node id="rootCorpus/subCorpus1/doc1#structure9">
            <data key="k2">VP</data>
            <data key="k4">syntax</data>
            <data key="k6">node</data>
        </node>
        <node id="rootCorpus/subCorpus1/doc1#structure10">
            <data key="k2">S</data>
            <data key="k4">syntax</data>
            <data key="k6">node</data>
        </node>
        <node id="rootCorpus/subCorpus1/doc1#structure11">
            <data key="k2">VP</data>
            <data key="k4">syntax</data>
            <data key="k6">node</data>
        </node>
        <node id="rootCorpus/subCorpus1/doc1#structure12">
            <data key="k2">VP</data>
            <data key="k4">syntax</data>
            <data key="k6">node</data>
        </node>
        <node id="rootCorpus/subCorpus1/doc1#sSpan3">
            <data key="k6">node</data>
        </node>
        <node id="rootCorpus/subCorpus1/doc2#sText1">
            <data key="k6">datasource</data>
        </node>
        <node id="rootCorpus/subCorpus1/doc2#sTok1">
            <data key="k4">morphology</data>
            <data key="k5">be</data>
            <data key="k6">node</data>
            <data key="k7">VBZ</data>
            <data key="k8">Is</data>
            <data key="k9"> </data>
        </node>
        <node id="rootCorpus/subCorpus1/doc2#sTok2">
            <data key="k4">morphology</data>
            <data key="k5">this</data>
            <data key="k6">node</data>
            <data key="k7">DT</data>
            <data key="k8">this</data>
            <data key="k9"> </data>
        </node>
        <node id="rootCorpus/subCorpus1/doc2#sTok3">
            <data key="k4">morphology</data>
            <data key="k5">example</data>
            <data key="k6">node</data>
            <data key="k7">NN</data>
            <data key="k8">example</data>
            <data key="k9"> </data>
        </node>
        <node id="rootCorpus/subCorpus1/doc2#sTok4">
            <data key="k4">morphology</data>
            <data key="k5">more</data>
            <data key="k6">node</data>
            <data key="k7">RBR</data>
            <data key="k8">more</data>
            <data key="k9"> </data>
        </node>
        <node id="rootCorpus/subCorpus1/doc2#sTok5">
            <data key="k4">morphology</data>
            <data key="k5">complicated</data>
            <data key="k6">node</data>
            <data key="k7">JJ</data>
            <data key="k8">complicated</data>
            <data key="k9"> </data>
        </node>
        <node id="rootCorpus/subCorpus1/doc2#sTok6">
            <data key="k4">morphology</data>
            <data key="k5">than</data>
            <data key="k6">node</data>
            <data key="k7">IN</data>
            <data key="k8">than</data>
            <data key="k9"> </data>
        </node>
        <node id="rootCorpus/subCorpus1/doc2#sTok7">
            <data key="k4">morphology</data>
            <data key="k5">it</data>
            <data key="k6">node</data>
            <data key="k7">PRP</data>
            <data key="k8">it</data>
            <data key="k9"> </data>
        </node>
        <node id="rootCorpus/subCorpus1/doc2#sTok8">
            <data key="k4">morphology</data>
            <data key="k5">appear</data>
            <data key="k6">node</data>
            <data key="k7">VBZ</data>
            <data key="k8">appears</data>
            <data key="k9"> </data>
        </node>
        <node id="rootCorpus/subCorpus1/doc2#sTok9">
            <data key="k4">morphology</data>
            <data key="k5">to</data>
            <data key="k6">node</data>
            <data key="k7">TO</data>
            <data key="k8">to</data>
            <data key="k9"> </data>
        </node>
        <node id="rootCorpus/subCorpus1/doc2#sTok10">
            <data key="k4">morphology</data>
            <data key="k5">be</data>
            <data key="k6">node</data>
            <data key="k7">VB</data>
            <data key="k8">be</data>
        </node>
        <node id="rootCorpus/subCorpus1/doc2#sTok11">
            <data key="k4">morphology</data>
            <data key="k5">?</data>
            <data key="k6">node</data>
            <data key="k7">.</data>
            <data key="k8">?</data>
        </node>
        <node id="rootCorpus/subCorpus1/doc2#IS_span1">
            <data key="k0">contrast-focus</data>
            <data key="k6">node</data>
        </node>
        <node id="rootCorpus/subCorpus1/doc2#IS_span2">
            <data key="k0">topic</data>
            <data key="k6">node</data>
        </node>
        <node id="rootCorpus/subCorpus1/doc2#structure1">
            <data key="k2">ROOT</data>
            <data key="k4">syntax</data>
            <data key="k6">node</data>
        </node>
        <node id="rootCorpus/subCorpus1/doc2#structure2">
            <data key="k2">SQ</data>
            <data key="k4">syntax</data>
            <data key="k6">node</data>
        </node>
        <node id="rootCorpus/subCorpus1/doc2#structure3">
            <data key="k2">NP</data>
            <data key="k4">syntax</data>
            <data key="k6">node</data>
        </node>
        <node id="rootCorpus/subCorpus1/doc2#structure4">
            <data key="k2">ADJP</data>
            <data key="k4">syntax</data>
            <data key="k6">node</data>
        </node>
        <node id="rootCorpus/subCorpus1/doc2#structure5">
            <data key="k2">ADJP</data>
            <data key="k4">syntax</data>
            <data key="k6">node</data>
        </node>
        <node id="rootCorpus/subCorpus1/doc2#structure6">
            <data key="k2">SBar</data>
            <data key="k4">syntax</data>
            <data key="k6">node</data>
        </node>
        <node id="rootCorpus/subCorpus1/doc2#structure7">
            <data key="k2">S</data>
            <data key="k4">syntax</data>
            <data key="k6">node</data>
        </node>
        <node id="rootCorpus/subCorpus1/doc2#structure8">
            <data key="k2">NP</data>
            <data key="k4">syntax</data>
            <data key="k6">node</data>
        </node>
        <node id="rootCorpus/subCorpus1/doc2#structure9">
            <data key="k2">VP</data>
            <data key="k4">syntax</data>
            <data key="k6">node</data>
        </node>
        <node id="rootCorpus/subCorpus1/doc2#structure10">
            <data key="k2">S</data>
            <data key="k4">syntax</data>
            <data key="k6">node</data>
        </node>
        <node id="rootCorpus/subCorpus1/doc2#structure11">
            <data key="k2">VP</data>
            <data key="k4">syntax</data>
            <data key="k6">node</data>
        </node>
        <node id="rootCorpus/subCorpus1/doc2#structure12">
            <data key="k2">VP</data>
            <data key="k4">syntax</data>
            <data key="k6">node</data>
        </node>
        <node id="rootCorpus/subCorpus1/doc2#sSpan3">
            <data key="k6">node</data>
        </node>
        <node id="rootCorpus/subCorpus2/doc3#sText1">
            <data key="k6">datasource</data>
        </node>
        <node id="rootCorpus/subCorpus2/doc3#sTok1">
            <data key="k4">morphology</data>
            <data key="k5">be</data>
            <data key="k6">node</data>
            <data key="k7">VBZ</data>
            <data key="k8">Is</data>
            <data key="k9"> </data>
        </node>
        <node id="rootCorpus/subCorpus2/doc3#sTok2">
            <data key="k4">morphology</data>
            <data key="k5">this</data>
            <data key="k6">node</data>
            <data key="k7">DT</data>
            <data key="k8">this</data>
            <data key="k9"> </data>
        </node>
        <node id="rootCorpus/subCorpus2/doc3#sTok3">
            <data key="k4">morphology</data>
            <data key="k5">example</data>
            <data key="k6">node</data>
            <data key="k7">NN</data>
            <data key="k8">example</data>
            <data key="k9"> </data>
        </node>
        <node id="rootCorpus/subCorpus2/doc3#sTok4">
            <data key="k4">morphology</data>
            <data key="k5">more</data>
            <data key="k6">node</data>
            <data key="k7">RBR</data>
            <data key="k8">more</data>
            <data key="k9"> </data>
        </node>
        <node id="rootCorpus/subCorpus2/doc3#sTok5">
            <data key="k4">morphology</data>
            <data key="k5">complicated</data>
            <data key="k6">node</data>
            <data key="k7">JJ</data>
            <data key="k8">complicated</data>
            <data key="k9"> </data>
        </node>
        <node id="rootCorpus/subCorpus2/doc3#sTok6">
            <data key="k4">morphology</data>
            <data key="k5">than</data>
            <data key="k6">node</data>
            <data key="k7">IN</data>
            <data key="k8">than</data>
            <data key="k9"> </data>
        </node>
        <node id="rootCorpus/subCorpus2/doc3#sTok7">
            <data key="k4">morphology</data>
            <data key="k5">it</data>
            <data key="k6">node</data>
            <data key="k7">PRP</data>
            <data key="k8">it</data>
            <data key="k9"> </data>
        </node>
        <node id="rootCorpus/subCorpus2/doc3#sTok8">
            <data key="k4">morphology</data>
            <data key="k5">appear</data>
            <data key="k6">node</data>
            <data key="k7">VBZ</data>
            <data key="k8">appears</data>
            <data key="k9"> </data>
        </node>
        <node id="rootCorpus/subCorpus2/doc3#sTok9">
            <data key="k4">morphology</data>
            <data key="k5">to</data>
            <data key="k6">node</data>
            <data key="k7">TO</data>
            <data key="k8">to</data>
            <data key="k9"> </data>
        </node>
        <node id="rootCorpus/subCorpus2/doc3#sTok10">
            <data key="k4">morphology</data>
            <data key="k5">be</data>
            <data key="k6">node</data>
            <data key="k7">VB</data>
            <data key="k8">be</data>
        </node>
        <node id="rootCorpus/subCorpus2/doc3#sTok11">
            <data key="k4">morphology</data>
            <data key="k5">?</data>
            <data key="k6">node</data>
            <data key="k7">.</data>
            <data key="k8">?</data>
        </node>
        <node id="rootCorpus/subCorpus2/doc3#IS_span1">
            <data key="k0">contrast-focus</data>
            <data key="k6">node</data>
        </node>
        <node id="rootCorpus/subCorpus2/doc3#IS_span2">
            <data key="k0">topic</data>
            <data key="k6">node</data>
        </node>
        <node id="rootCorpus/subCorpus2/doc3#structure1">
            <data key="k2">ROOT</data>
            <data key="k4">syntax</data>
            <data key="k6">node</data>
        </node>
        <node id="rootCorpus/subCorpus2/doc3#structure2">
            <data key="k2">SQ</data>
            <data key="k4">syntax</data>
            <data key="k6">node</data>
        </node>
        <node id="rootCorpus/subCorpus2/doc3#structure3">
            <data key="k2">NP</data>
            <data key="k4">syntax</data>
            <data key="k6">node</data>
        </node>
        <node id="rootCorpus/subCorpus2/doc3#structure4">
            <data key="k2">ADJP</data>
            <data key="k4">syntax</data>
            <data key="k6">node</data>
        </node>
        <node id="rootCorpus/subCorpus2/doc3#structure5">
            <data key="k2">ADJP</data>
            <data key="k4">syntax</data>
            <data key="k6">node</data>
        </node>
        <node id="rootCorpus/subCorpus2/doc3#structure6">
            <data key="k2">SBar</data>
            <data key="k4">syntax</data>
            <data key="k6">node</data>
        </node>
        <node id="rootCorpus/subCorpus2/doc3#structure7">
            <data key="k2">S</data>
            <data key="k4">syntax</data>
            <data key="k6">node</data>
        </node>
        <node id="rootCorpus/subCorpus2/doc3#structure8">
            <data key="k2">NP</data>
            <data key="k4">syntax</data>
            <data key="k6">node</data>
        </node>
        <node id="rootCorpus/subCorpus2/doc3#structure9">
            <data key="k2">VP</data>
            <data key="k4">syntax</data>
            <data key="k6">node</data>
        </node>
        <node id="rootCorpus/subCorpus2/doc3#structure10">
            <data key="k2">S</data>
            <data key="k4">syntax</data>
            <data key="k6">node</data>
        </node>
        <node id="rootCorpus/subCorpus2/doc3#structure11">
            <data key="k2">VP</data>
            <data key="k4">syntax</data>
            <data key="k6">node</data>
        </node>
        <node id="rootCorpus/subCorpus2/doc3#structure12">
            <data key="k2">VP</data>
            <data key="k4">syntax</data>
            <data key="k6">node</data>
        </node>
        <node id="rootCorpus/subCorpus2/doc3#sSpan3">
            <data key="k6">node</data>
        </node>
        <node id="rootCorpus/subCorpus2/doc4#sText1">
            <data key="k6">datasource</data>
        </node>
        <node id="rootCorpus/subCorpus2/doc4#sTok1">
            <data key="k4">morphology</data>
            <data key="k5">be</data>
            <data key="k6">node</data>
            <data key="k7">VBZ</data>
            <data key="k8">Is</data>
            <data key="k9"> </data>
        </node>
        <node id="rootCorpus/subCorpus2/doc4#sTok2">
            <data key="k4">morphology</data>
            <data key="k5">this</data>
            <data key="k6">node</data>
            <data key="k7">DT</data>
            <data key="k8">this</data>
            <data key="k9"> </data>
        </node>
        <node id="rootCorpus/subCorpus2/doc4#sTok3">
            <data key="k4">morphology</data>
            <data key="k5">example</data>
            <data key="k6">node</data>
            <data key="k7">NN</data>
            <data key="k8">example</data>
            <data key="k9"> </data>
        </node>
        <node id="rootCorpus/subCorpus2/doc4#sTok4">
            <data key="k4">morphology</data>
            <data key="k5">more</data>
            <data key="k6">node</data>
            <data key="k7">RBR</data>
            <data key="k8">more</data>
            <data key="k9"> </data>
        </node>
        <node id="rootCorpus/subCorpus2/doc4#sTok5">
            <data key="k4">morphology</data>
            <data key="k5">complicated</data>
            <data key="k6">node</data>
            <data key="k7">JJ</data>
            <data key="k8">complicated</data>
            <data key="k9"> </data>
        </node>
        <node id="rootCorpus/subCorpus2/doc4#sTok6">
            <data key="k4">morphology</data>
            <data key="k5">than</data>
            <data key="k6">node</data>
            <data key="k7">IN</data>
            <data key="k8">than</data>
            <data key="k9"> </data>
        </node>
        <node id="rootCorpus/subCorpus2/doc4#sTok7">
            <data key="k4">morphology</data>
            <data key="k5">it</data>
            <data key="k6">node</data>
            <data key="k7">PRP</data>
            <data key="k8">it</data>
            <data key="k9"> </data>
        </node>
        <node id="rootCorpus/subCorpus2/doc4#sTok8">
            <data key="k4">morphology</data>
            <data key="k5">appear</data>
            <data key="k6">node</data>
            <data key="k7">VBZ</data>
            <data key="k8">appears</data>
            <data key="k9"> </data>
        </node>
        <node id="rootCorpus/subCorpus2/doc4#sTok9">
            <data key="k4">morphology</data>
            <data key="k5">to</data>
            <data key="k6">node</data>
            <data key="k7">TO</data>
            <data key="k8">to</data>
            <data key="k9"> </data>
        </node>
        <node id="rootCorpus/subCorpus2/doc4#sTok10">
            <data key="k4">morphology</data>
            <data key="k5">be</data>
            <data key="k6">node</data>
            <data key="k7">VB</data>
            <data key="k8">be</data>
        </node>
        <node id="rootCorpus/subCorpus2/doc4#sTok11">
            <data key="k4">morphology</data>
            <data key="k5">?</data>
            <data key="k6">node</data>
            <data key="k7">.</data>
            <data key="k8">?</data>
        </node>
        <node id="rootCorpus/subCorpus2/doc4#IS_span1">
            <data key="k0">contrast-focus</data>
            <data key="k6">node</data>
        </node>
        <node id="rootCorpus/subCorpus2/doc4#IS_span2">
            <data key="k0">topic</data>
            <data key="k6">node</data>
        </node>
        <node id="rootCorpus/subCorpus2/doc4#structure1">
            <data key="k2">ROOT</data>
            <data key="k4">syntax</data>
            <data key="k6">node</data>
        </node>
        <node id="rootCorpus/subCorpus2/doc4#structure2">
            <data key="k2">SQ</data>
            <data key="k4">syntax</data>
            <data key="k6">node</data>
        </node>
        <node id="rootCorpus/subCorpus2/doc4#structure3">
            <data key="k2">NP</data>
            <data key="k4">syntax</data>
            <data key="k6">node</data>
        </node>
        <node id="rootCorpus/subCorpus2/doc4#structure4">
            <data key="k2">ADJP</data>
            <data key="k4">syntax</data>
            <data key="k6">node</data>
        </node>
        <node id="rootCorpus/subCorpus2/doc4#structure5">
            <data key="k2">ADJP</data>
            <data key="k4">syntax</data>
            <data key="k6">node</data>
        </node>
        <node id="rootCorpus/subCorpus2/doc4#structure6">
            <data key="k2">SBar</data>
            <data key="k4">syntax</data>
            <data key="k6">node</data>
        </node>
        <node id="rootCorpus/subCorpus2/doc4#structure7">
            <data key="k2">S</data>
            <data key="k4">syntax</data>
            <data key="k6">node</data>
        </node>
        <node id="rootCorpus/subCorpus2/doc4#structure8">
            <data key="k2">NP</data>
            <data key="k4">syntax</data>
            <data key="k6">node</data>
        </node>
        <node id="rootCorpus/subCorpus2/doc4#structure9">
            <data key="k2">VP</data>
            <data key="k4">syntax</data>
            <data key="k6">node</data>
        </node>
        <node id="rootCorpus/subCorpus2/doc4#structure10">
            <data key="k2">S</data>
            <data key="k4">syntax</data>
            <data key="k6">node</data>
        </node>
        <node id="rootCorpus/subCorpus2/doc4#structure11">
            <data key="k2">VP</data>
            <data key="k4">syntax</data>
            <data key="k6">node</data>
        </node>
        <node id="rootCorpus/subCorpus2/doc4#structure12">
            <data key="k2">VP</data>
            <data key="k4">syntax</data>
            <data key="k6">node</data>
        </node>
        <node id="rootCorpus/subCorpus2/doc4#sSpan3">
            <data key="k6">node</data>
        </node>
        <edge id="e0" source="rootCorpus/subCorpus1/doc1#IS_span1" target="rootCorpus/subCorpus1/doc1#sTok1" label="Coverage/default_ns/">
        </edge>
        <edge id="e1" source="rootCorpus/subCorpus1/doc1#IS_span2" target="rootCorpus/subCorpus1/doc1#sTok2" label="Coverage/default_ns/">
        </edge>
        <edge id="e2" source="rootCorpus/subCorpus1/doc1#IS_span2" target="rootCorpus/subCorpus1/doc1#sTok3" label="Coverage/default_ns/">
        </edge>
        <edge id="e3" source="rootCorpus/subCorpus1/doc1#IS_span2" target="rootCorpus/subCorpus1/doc1#sTok4" label="Coverage/default_ns/">
        </edge>
        <edge id="e4" source="rootCorpus/subCorpus1/doc1#IS_span2" target="rootCorpus/subCorpus1/doc1#sTok5" label="Coverage/default_ns/">
        </edge>
        <edge id="e5" source="rootCorpus/subCorpus1/doc1#IS_span2" target="rootCorpus/subCorpus1/doc1#sTok6" label="Coverage/default_ns/">
        </edge>
        <edge id="e6" source="rootCorpus/subCorpus1/doc1#IS_span2" target="rootCorpus/subCorpus1/doc1#sTok7" label="Coverage/default_ns/">
        </edge>
        <edge id="e7" source="rootCorpus/subCorpus1/doc1#IS_span2" target="rootCorpus/subCorpus1/doc1#sTok8" label="Coverage/default_ns/">
        </edge>
        <edge id="e8" source="rootCorpus/subCorpus1/doc1#IS_span2" target="rootCorpus/subCorpus1/doc1#sTok9" label="Coverage/default_ns/">
        </edge>
        <edge id="e9" source="rootCorpus/subCorpus1/doc1#IS_span2" target="rootCorpus/subCorpus1/doc1#sTok10" label="Coverage/default_ns/">
        </edge>
        <edge id="e10" source="rootCorpus/subCorpus1/doc1#IS_span2" target="rootCorpus/subCorpus1/doc1#sTok11" label="Coverage/default_ns/">
        </edge>
        <edge id="e11" source="rootCorpus/subCorpus1/doc1#sSpan3" target="rootCorpus/subCorpus1/doc1#sTok2" label="Coverage/default_ns/">
        </edge>
        <edge id="e12" source="rootCorpus/subCorpus1/doc1#sSpan3" target="rootCorpus/subCorpus1/doc1#sTok3" label="Coverage/default_ns/">
        </edge>
        <edge id="e13" source="rootCorpus/subCorpus1/doc2#IS_span1" target="rootCorpus/subCorpus1/doc2#sTok1" label="Coverage/default_ns/">
        </edge>
        <edge id="e14" source="rootCorpus/subCorpus1/doc2#IS_span2" target="rootCorpus/subCorpus1/doc2#sTok2" label="Coverage/default_ns/">
        </edge>
        <edge id="e15" source="rootCorpus/subCorpus1/doc2#IS_span2" target="rootCorpus/subCorpus1/doc2#sTok3" label="Coverage/default_ns/">
        </edge>
        <edge id="e16" source="rootCorpus/subCorpus1/doc2#IS_span2" target="rootCorpus/subCorpus1/doc2#sTok4" label="Coverage/default_ns/">
        </edge>
        <edge id="e17" source="rootCorpus/subCorpus1/doc2#IS_span2" target="rootCorpus/subCorpus1/doc2#sTok5" label="Coverage/default_ns/">
        </edge>
        <edge id="e18" source="rootCorpus/subCorpus1/doc2#IS_span2" target="rootCorpus/subCorpus1/doc2#sTok6" label="Coverage/default_ns/">
        </edge>
        <edge id="e19" source="rootCorpus/subCorpus1/doc2#IS_span2" target="rootCorpus/subCorpus1/doc2#sTok7" label="Coverage/default_ns/">
        </edge>
        <edge id="e20" source="rootCorpus/subCorpus1/doc2#IS_span2" target="rootCorpus/subCorpus1/doc2#sTok8" label="Coverage/default_ns/">
        </edge>
        <edge id="e21" source="rootCorpus/subCorpus1/doc2#IS_span2" target="rootCorpus/subCorpus1/doc2#sTok9" label="Coverage/default_ns/">
        </edge>
        <edge id="e22" source="rootCorpus/subCorpus1/doc2#IS_span2" target="rootCorpus/subCorpus1/doc2#sTok10" label="Coverage/default_ns/">
        </edge>
        <edge id="e23" source="rootCorpus/subCorpus1/doc2#IS_span2" target="rootCorpus/subCorpus1/doc2#sTok11" label="Coverage/default_ns/">
        </edge>
        <edge id="e24" source="rootCorpus/subCorpus1/doc2#sSpan3" target="rootCorpus/subCorpus1/doc2#sTok2" label="Coverage/default_ns/">
        </edge>
        <edge id="e25" source="rootCorpus/subCorpus1/doc2#sSpan3" target="rootCorpus/subCorpus1/doc2#sTok3" label="Coverage/default_ns/">
        </edge>
        <edge id="e26" source="rootCorpus/subCorpus2/doc3#IS_span1" target="rootCorpus/subCorpus2/doc3#sTok1" label="Coverage/default_ns/">
        </edge>
        <edge id="e27" source="rootCorpus/subCorpus2/doc3#IS_span2" target="rootCorpus/subCorpus2/doc3#sTok2" label="Coverage/default_ns/">
        </edge>
        <edge id="e28" source="rootCorpus/subCorpus2/doc3#IS_span2" target="rootCorpus/subCorpus2/doc3#sTok3" label="Coverage/default_ns/">
        </edge>
        <edge id="e29" source="rootCorpus/subCorpus2/doc3#IS_span2" target="rootCorpus/subCorpus2/doc3#sTok4" label="Coverage/default_ns/">
        </edge>
        <edge id="e30" source="rootCorpus/subCorpus2/doc3#IS_span2" target="rootCorpus/subCorpus2/doc3#sTok5" label="Coverage/default_ns/">
        </edge>
        <edge id="e31" source="rootCorpus/subCorpus2/doc3#IS_span2" target="rootCorpus/subCorpus2/doc3#sTok6" label="Coverage/default_ns/">
        </edge>
        <edge id="e32" source="rootCorpus/subCorpus2/doc3#IS_span2" target="rootCorpus/subCorpus2/doc3#sTok7" label="Coverage/default_ns/">
        </edge>
        <edge id="e33" source="rootCorpus/subCorpus2/doc3#IS_span2" target="rootCorpus/subCorpus2/doc3#sTok8" label="Coverage/default_ns/">
        </edge>
        <edge id="e34" source="rootCorpus/subCorpus2/doc3#IS_span2" target="rootCorpus/subCorpus2/doc3#sTok9" label="Coverage/default_ns/">
        </edge>
        <edge id="e35" source="rootCorpus/subCorpus2/doc3#IS_span2" target="rootCorpus/subCorpus2/doc3#sTok10" label="Coverage/default_ns/">
        </edge>
        <edge id="e36" source="rootCorpus/subCorpus2/doc3#IS_span2" target="rootCorpus/subCorpus2/doc3#sTok11" label="Coverage/default_ns/">
        </edge>
        <edge id="e37" source="rootCorpus/subCorpus2/doc3#sSpan3" target="rootCorpus/subCorpus2/doc3#sTok2" label="Coverage/default_ns/">
        </edge>
        <edge id="e38" source="rootCorpus/subCorpus2/doc3#sSpan3" target="rootCorpus/subCorpus2/doc3#sTok3" label="Coverage/default_ns/">
        </edge>
        <edge id="e39" source="rootCorpus/subCorpus2/doc4#IS_span1" target="rootCorpus/subCorpus2/doc4#sTok1" label="Coverage/default_ns/">
        </edge>
        <edge id="e40" source="rootCorpus/subCorpus2/doc4#IS_span2" target="rootCorpus/subCorpus2/doc4#sTok2" label="Coverage/default_ns/">
        </edge>
        <edge id="e41" source="rootCorpus/subCorpus2/doc4#IS_span2" target="rootCorpus/subCorpus2/doc4#sTok3" label="Coverage/default_ns/">
        </edge>
        <edge id="e42" source="rootCorpus/subCorpus2/doc4#IS_span2" target="rootCorpus/subCorpus2/doc4#sTok4" label="Coverage/default_ns/">
        </edge>
        <edge id="e43" source="rootCorpus/subCorpus2/doc4#IS_span2" target="rootCorpus/subCorpus2/doc4#sTok5" label="Coverage/default_ns/">
        </edge>
        <edge id="e44" source="rootCorpus/subCorpus2/doc4#IS_span2" target="rootCorpus/subCorpus2/doc4#sTok6" label="Coverage/default_ns/">
        </edge>
        <edge id="e45" source="rootCorpus/subCorpus2/doc4#IS_span2" target="rootCorpus/subCorpus2/doc4#sTok7" label="Coverage/default_ns/">
        </edge>
        <edge id="e46" source="rootCorpus/subCorpus2/doc4#IS_span2" target="rootCorpus/subCorpus2/doc4#sTok8" label="Coverage/default_ns/">
        </edge>
        <edge id="e47" source="rootCorpus/subCorpus2/doc4#IS_span2" target="rootCorpus/subCorpus2/doc4#sTok9" label="Coverage/default_ns/">
        </edge>
        <edge id="e48" source="rootCorpus/subCorpus2/doc4#IS_span2" target="rootCorpus/subCorpus2/doc4#sTok10" label="Coverage/default_ns/">
        </edge>
        <edge id="e49" source="rootCorpus/subCorpus2/doc4#IS_span2" target="rootCorpus/subCorpus2/doc4#sTok11" label="Coverage/default_ns/">
        </edge>
        <edge id="e50" source="rootCorpus/subCorpus2/doc4#sSpan3" target="rootCorpus/subCorpus2/doc4#sTok2" label="Coverage/default_ns/">
        </edge>
        <edge id="e51" source="rootCorpus/subCorpus2/doc4#sSpan3" target="rootCorpus/subCorpus2/doc4#sTok3" label="Coverage/default_ns/">
        </edge>
        <edge id="e52" source="rootCorpus/subCorpus1/doc1#structure1" target="rootCorpus/subCorpus1/doc1#sTok11" label="Dominance/annis/">
        </edge>
        <edge id="e53" source="rootCorpus/subCorpus1/doc1#structure1" target="rootCorpus/subCorpus1/doc1#structure2" label="Dominance/annis/">
        </edge>
        <edge id="e54" source="rootCorpus/subCorpus1/doc1#structure2" target="rootCorpus/subCorpus1/doc1#sTok1" label="Dominance/annis/">
        </edge>
        <edge id="e55" source="rootCorpus/subCorpus1/doc1#structure2" target="rootCorpus/subCorpus1/doc1#structure3" label="Dominance/annis/">
        </edge>
        <edge id="e56" source="rootCorpus/subCorpus1/doc1#structure2" target="rootCorpus/subCorpus1/doc1#structure4" label="Dominance/annis/">
        </edge>
        <edge id="e57" source="rootCorpus/subCorpus1/doc1#structure3" target="rootCorpus/subCorpus1/doc1#sTok2" label="Dominance/annis/">
        </edge>
        <edge id="e58" source="rootCorpus/subCorpus1/doc1#structure3" target="rootCorpus/subCorpus1/doc1#sTok3" label="Dominance/annis/">
        </edge>
        <edge id="e59" source="rootCorpus/subCorpus1/doc1#structure4" target="rootCorpus/subCorpus1/doc1#structure5" label="Dominance/annis/">
        </edge>
        <edge id="e60" source="rootCorpus/subCorpus1/doc1#structure4" target="rootCorpus/subCorpus1/doc1#structure6" label="Dominance/annis/">
        </edge>
        <edge id="e61" source="rootCorpus/subCorpus1/doc1#structure5" target="rootCorpus/subCorpus1/doc1#sTok4" label="Dominance/annis/">
        </edge>
        <edge id="e62" source="rootCorpus/subCorpus1/doc1#structure5" target="rootCorpus/subCorpus1/doc1#sTok5" label="Dominance/annis/">
        </edge>
        <edge id="e63" source="rootCorpus/subCorpus1/doc1#structure6" target="rootCorpus/subCorpus1/doc1#sTok6" label="Dominance/annis/">
        </edge>
        <edge id="e64" source="rootCorpus/subCorpus1/doc1#structure6" target="rootCorpus/subCorpus1/doc1#structure7" label="Dominance/annis/">
        </edge>
        <edge id="e65" source="rootCorpus/subCorpus1/doc1#structure7" target="rootCorpus/subCorpus1/doc1#structure8" label="Dominance/annis/">
        </edge>
        <edge id="e66" source="rootCorpus/subCorpus1/doc1#structure7" target="rootCorpus/subCorpus1/doc1#structure9" label="Dominance/annis/">
        </edge>
        <edge id="e67" source="rootCorpus/subCorpus1/doc1#structure8" target="rootCorpus/subCorpus1/doc1#sTok7" label="Dominance/annis/">
        </edge>
        <edge id="e68" source="rootCorpus/subCorpus1/doc1#structure9" target="rootCorpus/subCorpus1/doc1#sTok8" label="Dominance/annis/">
        </edge>
        <edge id="e69" source="rootCorpus/subCorpus1/doc1#structure9" target="rootCorpus/subCorpus1/doc1#structure10" label="Dominance/annis/">
        </edge>
        <edge id="e70" source="rootCorpus/subCorpus1/doc1#structure10" target="rootCorpus/subCorpus1/doc1#structure11" label="Dominance/annis/">
        </edge>
        <edge id="e71" source="rootCorpus/subCorpus1/doc1#structure11" target="rootCorpus/subCorpus1/doc1#sTok9" label="Dominance/annis/">
        </edge>
        <edge id="e72" source="rootCorpus/subCorpus1/doc1#structure11" target="rootCorpus/subCorpus1/doc1#structure12" label="Dominance/annis/">
        </edge>
        <edge id="e73" source="rootCorpus/subCorpus1/doc1#structure12" target="rootCorpus/subCorpus1/doc1#sTok10" label="Dominance/annis/">
        </edge>
        <edge id="e74" source="rootCorpus/subCorpus1/doc2#structure1" target="rootCorpus/subCorpus1/doc2#sTok11" label="Dominance/annis/">
        </edge>
        <edge id="e75" source="rootCorpus/subCorpus1/doc2#structure1" target="rootCorpus/subCorpus1/doc2#structure2" label="Dominance/annis/">
        </edge>
        <edge id="e76" source="rootCorpus/subCorpus1/doc2#structure2" target="rootCorpus/subCorpus1/doc2#sTok1" label="Dominance/annis/">
        </edge>
        <edge id="e77" source="rootCorpus/subCorpus1/doc2#structure2" target="rootCorpus/subCorpus1/doc2#structure3" label="Dominance/annis/">
        </edge>
        <edge id="e78" source="rootCorpus/subCorpus1/doc2#structure2" target="rootCorpus/subCorpus1/doc2#structure4" label="Dominance/annis/">
        </edge>
        <edge id="e79" source="rootCorpus/subCorpus1/doc2#structure3" target="rootCorpus/subCorpus1/doc2#sTok2" label="Dominance/annis/">
        </edge>
        <edge id="e80" source="rootCorpus/subCorpus1/doc2#structure3" target="rootCorpus/subCorpus1/doc2#sTok3" label="Dominance/annis/">
        </edge>
        <edge id="e81" source="rootCorpus/subCorpus1/doc2#structure4" target="rootCorpus/subCorpus1/doc2#structure5" label="Dominance/annis/">
        </edge>
        <edge id="e82" source="rootCorpus/subCorpus1/doc2#structure4" target="rootCorpus/subCorpus1/doc2#structure6" label="Dominance/annis/">
        </edge>
        <edge id="e83" source="rootCorpus/subCorpus1/doc2#structure5" target="rootCorpus/subCorpus1/doc2#sTok4" label="Dominance/annis/">
        </edge>
        <edge id="e84" source="rootCorpus/subCorpus1/doc2#structure5" target="rootCorpus/subCorpus1/doc2#sTok5" label="Dominance/annis/">
        </edge>
        <edge id="e85" source="rootCorpus/subCorpus1/doc2#structure6" target="rootCorpus/subCorpus1/doc2#sTok6" label="Dominance/annis/">
        </edge>
        <edge id="e86" source="rootCorpus/subCorpus1/doc2#structure6" target="rootCorpus/subCorpus1/doc2#structure7" label="Dominance/annis/">
        </edge>
        <edge id="e87" source="rootCorpus/subCorpus1/doc2#structure7" target="rootCorpus/subCorpus1/doc2#structure8" label="Dominance/annis/">
        </edge>
        <edge id="e88" source="rootCorpus/subCorpus1/doc2#structure7" target="rootCorpus/subCorpus1/doc2#structure9" label="Dominance/annis/">
        </edge>
        <edge id="e89" source="rootCorpus/subCorpus1/doc2#structure8" target="rootCorpus/subCorpus1/doc2#sTok7" label="Dominance/annis/">
        </edge>
        <edge id="e90" source="rootCorpus/subCorpus1/doc2#structure9" target="rootCorpus/subCorpus1/doc2#sTok8" label="Dominance/annis/">
        </edge>
        <edge id="e91" source="rootCorpus/subCorpus1/doc2#structure9" target="rootCorpus/subCorpus1/doc2#structure10" label="Dominance/annis/">
        </edge>
        <edge id="e92" source="rootCorpus/subCorpus1/doc2#structure10" target="rootCorpus/subCorpus1/doc2#structure11" label="Dominance/annis/">
        </edge>
        <edge id="e93" source="rootCorpus/subCorpus1/doc2#structure11" target="rootCorpus/subCorpus1/doc2#sTok9" label="Dominance/annis/">
        </edge>
        <edge id="e94" source="rootCorpus/subCorpus1/doc2#structure11" target="rootCorpus/subCorpus1/doc2#structure12" label="Dominance/annis/">
        </edge>
        <edge id="e95" source="rootCorpus/subCorpus1/doc2#structure12" target="rootCorpus/subCorpus1/doc2#sTok10" label="Dominance/annis/">
        </edge>
        <edge id="e96" source="rootCorpus/subCorpus2/doc3#structure1" target="rootCorpus/subCorpus2/doc3#sTok11" label="Dominance/annis/">
        </edge>
        <edge id="e97" source="rootCorpus/subCorpus2/doc3#structure1" target="rootCorpus/subCorpus2/doc3#structure2" label="Dominance/annis/">
        </edge>
        <edge id="e98" source="rootCorpus/subCorpus2/doc3#structure2" target="rootCorpus/subCorpus2/doc3#sTok1" label="Dominance/annis/">
        </edge>
        <edge id="e99" source="rootCorpus/subCorpus2/doc3#structure2" target="rootCorpus/subCorpus2/doc3#structure3" label="Dominance/annis/">
        </edge>
        <edge id="e100" source="rootCorpus/subCorpus2/doc3#structure2" target="rootCorpus/subCorpus2/doc3#structure4" label="Dominance/annis/">
        </edge>
        <edge id="e101" source="rootCorpus/subCorpus2/doc3#structure3" target="rootCorpus/subCorpus2/doc3#sTok2" label="Dominance/annis/">
        </edge>
        <edge id="e102" source="rootCorpus/subCorpus2/doc3#structure3" target="rootCorpus/subCorpus2/doc3#sTok3" label="Dominance/annis/">
        </edge>
        <edge id="e103" source="rootCorpus/subCorpus2/doc3#structure4" target="rootCorpus/subCorpus2/doc3#structure5" label="Dominance/annis/">
        </edge>
        <edge id="e104" source="rootCorpus/subCorpus2/doc3#structure4" target="rootCorpus/subCorpus2/doc3#structure6" label="Dominance/annis/">
        </edge>
        <edge id="e105" source="rootCorpus/subCorpus2/doc3#structure5" target="rootCorpus/subCorpus2/doc3#sTok4" label="Dominance/annis/">
        </edge>
        <edge id="e106" source="rootCorpus/subCorpus2/doc3#structure5" target="rootCorpus/subCorpus2/doc3#sTok5" label="Dominance/annis/">
        </edge>
        <edge id="e107" source="rootCorpus/subCorpus2/doc3#structure6" target="rootCorpus/subCorpus2/doc3#sTok6" label="Dominance/annis/">
        </edge>
        <edge id="e108" source="rootCorpus/subCorpus2/doc3#structure6" target="rootCorpus/subCorpus2/doc3#structure7" label="Dominance/annis/">
        </edge>
        <edge id="e109" source="rootCorpus/subCorpus2/doc3#structure7" target="rootCorpus/subCorpus2/doc3#structure8" label="Dominance/annis/">
        </edge>
        <edge id="e110" source="rootCorpus/subCorpus2/doc3#structure7" target="rootCorpus/subCorpus2/doc3#structure9" label="Dominance/annis/">
        </edge>
        <edge id="e111" source="rootCorpus/subCorpus2/doc3#structure8" target="rootCorpus/subCorpus2/doc3#sTok7" label="Dominance/annis/">
        </edge>
        <edge id="e112" source="rootCorpus/subCorpus2/doc3#structure9" target="rootCorpus/subCorpus2/doc3#sTok8" label="Dominance/annis/">
        </edge>
        <edge id="e113" source="rootCorpus/subCorpus2/doc3#structure9" target="rootCorpus/subCorpus2/doc3#structure10" label="Dominance/annis/">
        </edge>
        <edge id="e114" source="rootCorpus/subCorpus2/doc3#structure10" target="rootCorpus/subCorpus2/doc3#structure11" label="Dominance/annis/">
        </edge>
        <edge id="e115" source="rootCorpus/subCorpus2/doc3#structure11" target="rootCorpus/subCorpus2/doc3#sTok9" label="Dominance/annis/">
        </edge>
        <edge id="e116" source="rootCorpus/subCorpus2/doc3#structure11" target="rootCorpus/subCorpus2/doc3#structure12" label="Dominance/annis/">
        </edge>
        <edge id="e117" source="rootCorpus/subCorpus2/doc3#structure12" target="rootCorpus/subCorpus2/doc3#sTok10" label="Dominance/annis/">
        </edge>
        <edge id="e118" source="rootCorpus/subCorpus2/doc4#structure1" target="rootCorpus/subCorpus2/doc4#sTok11" label="Dominance/annis/">
        </edge>
        <edge id="e119" source="rootCorpus/subCorpus2/doc4#structure1" target="rootCorpus/subCorpus2/doc4#structure2" label="Dominance/annis/">
        </edge>
        <edge id="e120" source="rootCorpus/subCorpus2/doc4#structure2" target="rootCorpus/subCorpus2/doc4#sTok1" label="Dominance/annis/">
        </edge>
        <edge id="e121" source="rootCorpus/subCorpus2/doc4#structure2" target="rootCorpus/subCorpus2/doc4#structure3" label="Dominance/annis/">
        </edge>
        <edge id="e122" source="rootCorpus/subCorpus2/doc4#structure2" target="rootCorpus/subCorpus2/doc4#structure4" label="Dominance/annis/">
        </edge>
        <edge id="e123" source="rootCorpus/subCorpus2/doc4#structure3" target="rootCorpus/subCorpus2/doc4#sTok2" label="Dominance/annis/">
        </edge>
        <edge id="e124" source="rootCorpus/subCorpus2/doc4#structure3" target="rootCorpus/subCorpus2/doc4#sTok3" label="Dominance/annis/">
        </edge>
        <edge id="e125" source="rootCorpus/subCorpus2/doc4#structure4" target="rootCorpus/subCorpus2/doc4#structure5" label="Dominance/annis/">
        </edge>
        <edge id="e126" source="rootCorpus/subCorpus2/doc4#structure4" target="rootCorpus/subCorpus2/doc4#structure6" label="Dominance/annis/">
        </edge>
        <edge id="e127" source="rootCorpus/subCorpus2/doc4#structure5" target="rootCorpus/subCorpus2/doc4#sTok4" label="Dominance/annis/">
        </edge>
        <edge id="e128" source="rootCorpus/subCorpus2/doc4#structure5" target="rootCorpus/subCorpus2/doc4#sTok5" label="Dominance/annis/">
        </edge>
        <edge id="e129" source="rootCorpus/subCorpus2/doc4#structure6" target="rootCorpus/subCorpus2/doc4#sTok6" label="Dominance/annis/">
        </edge>
        <edge id="e130" source="rootCorpus/subCorpus2/doc4#structure6" target="rootCorpus/subCorpus2/doc4#structure7" label="Dominance/annis/">
        </edge>
        <edge id="e131" source="rootCorpus/subCorpus2/doc4#structure7" target="rootCorpus/subCorpus2/doc4#structure8" label="Dominance/annis/">
        </edge>
        <edge id="e132" source="rootCorpus/subCorpus2/doc4#structure7" target="rootCorpus/subCorpus2/doc4#structure9" label="Dominance/annis/">
        </edge>
        <edge id="e133" source="rootCorpus/subCorpus2/doc4#structure8" target="rootCorpus/subCorpus2/doc4#sTok7" label="Dominance/annis/">
        </edge>
        <edge id="e134" source="rootCorpus/subCorpus2/doc4#structure9" target="rootCorpus/subCorpus2/doc4#sTok8" label="Dominance/annis/">
        </edge>
        <edge id="e135" source="rootCorpus/subCorpus2/doc4#structure9" target="rootCorpus/subCorpus2/doc4#structure10" label="Dominance/annis/">
        </edge>
        <edge id="e136" source="rootCorpus/subCorpus2/doc4#structure10" target="rootCorpus/subCorpus2/doc4#structure11" label="Dominance/annis/">
        </edge>
        <edge id="e137" source="rootCorpus/subCorpus2/doc4#structure11" target="rootCorpus/subCorpus2/doc4#sTok9" label="Dominance/annis/">
        </edge>
        <edge id="e138" source="rootCorpus/subCorpus2/doc4#structure11" target="rootCorpus/subCorpus2/doc4#structure12" label="Dominance/annis/">
        </edge>
        <edge id="e139" source="rootCorpus/subCorpus2/doc4#structure12" target="rootCorpus/subCorpus2/doc4#sTok10" label="Dominance/annis/">
        </edge>
        <edge id="e140" source="rootCorpus/subCorpus1/doc1#structure1" target="rootCorpus/subCorpus1/doc1#sTok11" label="Dominance/default_ns/edge">
        </edge>
        <edge id="e141" source="rootCorpus/subCorpus1/doc1#structure1" target="rootCorpus/subCorpus1/doc1#structure2" label="Dominance/default_ns/edge">
        </edge>
        <edge id="e142" source="rootCorpus/subCorpus1/doc1#structure2" target="rootCorpus/subCorpus1/doc1#sTok1" label="Dominance/default_ns/edge">
        </edge>
        <edge id="e143" source="rootCorpus/subCorpus1/doc1#structure2" target="rootCorpus/subCorpus1/doc1#structure3" label="Dominance/default_ns/edge">
        </edge>
        <edge id="e144" source="rootCorpus/subCorpus1/doc1#structure2" target="rootCorpus/subCorpus1/doc1#structure4" label="Dominance/default_ns/edge">
        </edge>
        <edge id="e145" source="rootCorpus/subCorpus1/doc1#structure3" target="rootCorpus/subCorpus1/doc1#sTok2" label="Dominance/default_ns/edge">
        </edge>
        <edge id="e146" source="rootCorpus/subCorpus1/doc1#structure3" target="rootCorpus/subCorpus1/doc1#sTok3" label="Dominance/default_ns/edge">
        </edge>
        <edge id="e147" source="rootCorpus/subCorpus1/doc1#structure4" target="rootCorpus/subCorpus1/doc1#structure5" label="Dominance/default_ns/edge">
        </edge>
        <edge id="e148" source="rootCorpus/subCorpus1/doc1#structure4" target="rootCorpus/subCorpus1/doc1#structure6" label="Dominance/default_ns/edge">
        </edge>
        <edge id="e149" source="rootCorpus/subCorpus1/doc1#structure5" target="rootCorpus/subCorpus1/doc1#sTok4" label="Dominance/default_ns/edge">
        </edge>
        <edge id="e150" source="rootCorpus/subCorpus1/doc1#structure5" target="rootCorpus/subCorpus1/doc1#sTok5" label="Dominance/default_ns/edge">
        </edge>
        <edge id="e151" source="rootCorpus/subCorpus1/doc1#structure6" target="rootCorpus/subCorpus1/doc1#sTok6" label="Dominance/default_ns/edge">
        </edge>
        <edge id="e152" source="rootCorpus/subCorpus1/doc1#structure6" target="rootCorpus/subCorpus1/doc1#structure7" label="Dominance/default_ns/edge">
        </edge>
        <edge id="e153" source="rootCorpus/subCorpus1/doc1#structure7" target="rootCorpus/subCorpus1/doc1#structure8" label="Dominance/default_ns/edge">
        </edge>
        <edge id="e154" source="rootCorpus/subCorpus1/doc1#structure7" target="rootCorpus/subCorpus1/doc1#structure9" label="Dominance/default_ns/edge">
        </edge>
        <edge id="e155" source="rootCorpus/subCorpus1/doc1#structure8" target="rootCorpus/subCorpus1/doc1#sTok7" label="Dominance/default_ns/edge">
        </edge>
        <edge id="e156" source="rootCorpus/subCorpus1/doc1#structure9" target="rootCorpus/subCorpus1/doc1#sTok8" label="Dominance/default_ns/edge">
        </edge>
        <edge id="e157" source="rootCorpus/subCorpus1/doc1#structure9" target="rootCorpus/subCorpus1/doc1#structure10" label="Dominance/default_ns/edge">
        </edge>
        <edge id="e158" source="rootCorpus/subCorpus1/doc1#structure10" target="rootCorpus/subCorpus1/doc1#structure11" label="Dominance/default_ns/edge">
        </edge>
        <edge id="e159" source="rootCorpus/subCorpus1/doc1#structure11" target="rootCorpus/subCorpus1/doc1#sTok9" label="Dominance/default_ns/edge">
        </edge>
        <edge id="e160" source="rootCorpus/subCorpus1/doc1#structure11" target="rootCorpus/subCorpus1/doc1#structure12" label="Dominance/default_ns/edge">
        </edge>
        <edge id="e161" source="rootCorpus/subCorpus1/doc1#structure12" target="rootCorpus/subCorpus1/doc1#sTok10" label="Dominance/default_ns/edge">
        </edge>
        <edge id="e162" source="rootCorpus/subCorpus1/doc2#structure1" target="rootCorpus/subCorpus1/doc2#sTok11" label="Dominance/default_ns/edge">
        </edge>
        <edge id="e163" source="rootCorpus/subCorpus1/doc2#structure1" target="rootCorpus/subCorpus1/doc2#structure2" label="Dominance/default_ns/edge">
        </edge>
        <edge id="e164" source="rootCorpus/subCorpus1/doc2#structure2" target="rootCorpus/subCorpus1/doc2#sTok1" label="Dominance/default_ns/edge">
        </edge>
        <edge id="e165" source="rootCorpus/subCorpus1/doc2#structure2" target="rootCorpus/subCorpus1/doc2#structure3" label="Dominance/default_ns/edge">
        </edge>
        <edge id="e166" source="rootCorpus/subCorpus1/doc2#structure2" target="rootCorpus/subCorpus1/doc2#structure4" label="Dominance/default_ns/edge">
        </edge>
        <edge id="e167" source="rootCorpus/subCorpus1/doc2#structure3" target="rootCorpus/subCorpus1/doc2#sTok2" label="Dominance/default_ns/edge">
        </edge>
        <edge id="e168" source="rootCorpus/subCorpus1/doc2#structure3" target="rootCorpus/subCorpus1/doc2#sTok3" label="Dominance/default_ns/edge">
        </edge>
        <edge id="e169" source="rootCorpus/subCorpus1/doc2#structure4" target="rootCorpus/subCorpus1/doc2#structure5" label="Dominance/default_ns/edge">
        </edge>
        <edge id="e170" source="rootCorpus/subCorpus1/doc2#structure4" target="rootCorpus/subCorpus1/doc2#structure6" label="Dominance/default_ns/edge">
        </edge>
        <edge id="e171" source="rootCorpus/subCorpus1/doc2#structure5" target="rootCorpus/subCorpus1/doc2#sTok4" label="Dominance/default_ns/edge">
        </edge>
        <edge id="e172" source="rootCorpus/subCorpus1/doc2#structure5" target="rootCorpus/subCorpus1/doc2#sTok5" label="Dominance/default_ns/edge">
        </edge>
        <edge id="e173" source="rootCorpus/subCorpus1/doc2#structure6" target="rootCorpus/subCorpus1/doc2#sTok6" label="Dominance/default_ns/edge">
        </edge>
        <edge id="e174" source="rootCorpus/subCorpus1/doc2#structure6" target="rootCorpus/subCorpus1/doc2#structure7" label="Dominance/default_ns/edge">
        </edge>
        <edge id="e175" source="rootCorpus/subCorpus1/doc2#structure7" target="rootCorpus/subCorpus1/doc2#structure8" label="Dominance/default_ns/edge">
        </edge>
        <edge id="e176" source="rootCorpus/subCorpus1/doc2#structure7" target="rootCorpus/subCorpus1/doc2#structure9" label="Dominance/default_ns/edge">
        </edge>
        <edge id="e177" source="rootCorpus/subCorpus1/doc2#structure8" target="rootCorpus/subCorpus1/doc2#sTok7" label="Dominance/default_ns/edge">
        </edge>
        <edge id="e178" source="rootCorpus/subCorpus1/doc2#structure9" target="rootCorpus/subCorpus1/doc2#sTok8" label="Dominance/default_ns/edge">
        </edge>
        <edge id="e179" source="rootCorpus/subCorpus1/doc2#structure9" target="rootCorpus/subCorpus1/doc2#structure10" label="Dominance/default_ns/edge">
        </edge>
        <edge id="e180" source="rootCorpus/subCorpus1/doc2#structure10" target="rootCorpus/subCorpus1/doc2#structure11" label="Dominance/default_ns/edge">
        </edge>
        <edge id="e181" source="rootCorpus/subCorpus1/doc2#structure11" target="rootCorpus/subCorpus1/doc2#sTok9" label="Dominance/default_ns/edge">
        </edge>
        <edge id="e182" source="rootCorpus/subCorpus1/doc2#structure11" target="rootCorpus/subCorpus1/doc2#structure12" label="Dominance/default_ns/edge">
        </edge>
        <edge id="e183" source="rootCorpus/subCorpus1/doc2#structure12" target="rootCorpus/subCorpus1/doc2#sTok10" label="Dominance/default_ns/edge">
        </edge>
        <edge id="e184" source="rootCorpus/subCorpus2/doc3#structure1" target="rootCorpus/subCorpus2/doc3#sTok11" label="Dominance/default_ns/edge">
        </edge>
        <edge id="e185" source="rootCorpus/subCorpus2/doc3#structure1" target="rootCorpus/subCorpus2/doc3#structure2" label="Dominance/default_ns/edge">
        </edge>
        <edge id="e186" source="rootCorpus/subCorpus2/doc3#structure2" target="rootCorpus/subCorpus2/doc3#sTok1" label="Dominance/default_ns/edge">
        </edge>
        <edge id="e187" source="rootCorpus/subCorpus2/doc3#structure2" target="rootCorpus/subCorpus2/doc3#structure3" label="Dominance/default_ns/edge">
        </edge>
        <edge id="e188" source="rootCorpus/subCorpus2/doc3#structure2" target="rootCorpus/subCorpus2/doc3#structure4" label="Dominance/default_ns/edge">
        </edge>
        <edge id="e189" source="rootCorpus/subCorpus2/doc3#structure3" target="rootCorpus/subCorpus2/doc3#sTok2" label="Dominance/default_ns/edge">
        </edge>
        <edge id="e190" source="rootCorpus/subCorpus2/doc3#structure3" target="rootCorpus/subCorpus2/doc3#sTok3" label="Dominance/default_ns/edge">
        </edge>
        <edge id="e191" source="rootCorpus/subCorpus2/doc3#structure4" target="rootCorpus/subCorpus2/doc3#structure5" label="Dominance/default_ns/edge">
        </edge>
        <edge id="e192" source="rootCorpus/subCorpus2/doc3#structure4" target="rootCorpus/subCorpus2/doc3#structure6" label="Dominance/default_ns/edge">
        </edge>
        <edge id="e193" source="rootCorpus/subCorpus2/doc3#structure5" target="rootCorpus/subCorpus2/doc3#sTok4" label="Dominance/default_ns/edge">
        </edge>
        <edge id="e194" source="rootCorpus/subCorpus2/doc3#structure5" target="rootCorpus/subCorpus2/doc3#sTok5" label="Dominance/default_ns/edge">
        </edge>
        <edge id="e195" source="rootCorpus/subCorpus2/doc3#structure6" target="rootCorpus/subCorpus2/doc3#sTok6" label="Dominance/default_ns/edge">
        </edge>
        <edge id="e196" source="rootCorpus/subCorpus2/doc3#structure6" target="rootCorpus/subCorpus2/doc3#structure7" label="Dominance/default_ns/edge">
        </edge>
        <edge id="e197" source="rootCorpus/subCorpus2/doc3#structure7" target="rootCorpus/subCorpus2/doc3#structure8" label="Dominance/default_ns/edge">
        </edge>
        <edge id="e198" source="rootCorpus/subCorpus2/doc3#structure7" target="rootCorpus/subCorpus2/doc3#structure9" label="Dominance/default_ns/edge">
        </edge>
        <edge id="e199" source="rootCorpus/subCorpus2/doc3#structure8" target="rootCorpus/subCorpus2/doc3#sTok7" label="Dominance/default_ns/edge">
        </edge>
        <edge id="e200" source="rootCorpus/subCorpus2/doc3#structure9" target="rootCorpus/subCorpus2/doc3#sTok8" label="Dominance/default_ns/edge">
        </edge>
        <edge id="e201" source="rootCorpus/subCorpus2/doc3#structure9" target="rootCorpus/subCorpus2/doc3#structure10" label="Dominance/default_ns/edge">
        </edge>
        <edge id="e202" source="rootCorpus/subCorpus2/doc3#structure10" target="rootCorpus/subCorpus2/doc3#structure11" label="Dominance/default_ns/edge">
        </edge>
        <edge id="e203" source="rootCorpus/subCorpus2/doc3#structure11" target="rootCorpus/subCorpus2/doc3#sTok9" label="Dominance/default_ns/edge">
        </edge>
        <edge id="e204" source="rootCorpus/subCorpus2/doc3#structure11" target="rootCorpus/subCorpus2/doc3#structure12" label="Dominance/default_ns/edge">
        </edge>
        <edge id="e205" source="rootCorpus/subCorpus2/doc3#structure12" target="rootCorpus/subCorpus2/doc3#sTok10" label="Dominance/default_ns/edge">
        </edge>
        <edge id="e206" source="rootCorpus/subCorpus2/doc4#structure1" target="rootCorpus/subCorpus2/doc4#sTok11" label="Dominance/default_ns/edge">
        </edge>
        <edge id="e207" source="rootCorpus/subCorpus2/doc4#structure1" target="rootCorpus/subCorpus2/doc4#structure2" label="Dominance/default_ns/edge">
        </edge>
        <edge id="e208" source="rootCorpus/subCorpus2/doc4#structure2" target="rootCorpus/subCorpus2/doc4#sTok1" label="Dominance/default_ns/edge">
        </edge>
        <edge id="e209" source="rootCorpus/subCorpus2/doc4#structure2" target="rootCorpus/subCorpus2/doc4#structure3" label="Dominance/default_ns/edge">
        </edge>
        <edge id="e210" source="rootCorpus/subCorpus2/doc4#structure2" target="rootCorpus/subCorpus2/doc4#structure4" label="Dominance/default_ns/edge">
        </edge>
        <edge id="e211" source="rootCorpus/subCorpus2/doc4#structure3" target="rootCorpus/subCorpus2/doc4#sTok2" label="Dominance/default_ns/edge">
        </edge>
        <edge id="e212" source="rootCorpus/subCorpus2/doc4#structure3" target="rootCorpus/subCorpus2/doc4#sTok3" label="Dominance/default_ns/edge">
        </edge>
        <edge id="e213" source="rootCorpus/subCorpus2/doc4#structure4" target="rootCorpus/subCorpus2/doc4#structure5" label="Dominance/default_ns/edge">
        </edge>
        <edge id="e214" source="rootCorpus/subCorpus2/doc4#structure4" target="rootCorpus/subCorpus2/doc4#structure6" label="Dominance/default_ns/edge">
        </edge>
        <edge id="e215" source="rootCorpus/subCorpus2/doc4#structure5" target="rootCorpus/subCorpus2/doc4#sTok4" label="Dominance/default_ns/edge">
        </edge>
        <edge id="e216" source="rootCorpus/subCorpus2/doc4#structure5" target="rootCorpus/subCorpus2/doc4#sTok5" label="Dominance/default_ns/edge">
        </edge>
        <edge id="e217" source="rootCorpus/subCorpus2/doc4#structure6" target="rootCorpus/subCorpus2/doc4#sTok6" label="Dominance/default_ns/edge">
        </edge>
        <edge id="e218" source="rootCorpus/subCorpus2/doc4#structure6" target="rootCorpus/subCorpus2/doc4#structure7" label="Dominance/default_ns/edge">
        </edge>
        <edge id="e219" source="rootCorpus/subCorpus2/doc4#structure7" target="rootCorpus/subCorpus2/doc4#structure8" label="Dominance/default_ns/edge">
        </edge>
        <edge id="e220" source="rootCorpus/subCorpus2/doc4#structure7" target="rootCorpus/subCorpus2/doc4#structure9" label="Dominance/default_ns/edge">
        </edge>
        <edge id="e221" source="rootCorpus/subCorpus2/doc4#structure8" target="rootCorpus/subCorpus2/doc4#sTok7" label="Dominance/default_ns/edge">
        </edge>
        <edge id="e222" source="rootCorpus/subCorpus2/doc4#structure9" target="rootCorpus/subCorpus2/doc4#sTok8" label="Dominance/default_ns/edge">
        </edge>
        <edge id="e223" source="rootCorpus/subCorpus2/doc4#structure9" target="rootCorpus/subCorpus2/doc4#structure10" label="Dominance/default_ns/edge">
        </edge>
        <edge id="e224" source="rootCorpus/subCorpus2/doc4#structure10" target="rootCorpus/subCorpus2/doc4#structure11" label="Dominance/default_ns/edge">
        </edge>
        <edge id="e225" source="rootCorpus/subCorpus2/doc4#structure11" target="rootCorpus/subCorpus2/doc4#sTok9" label="Dominance/default_ns/edge">
        </edge>
        <edge id="e226" source="rootCorpus/subCorpus2/doc4#structure11" target="rootCorpus/subCorpus2/doc4#structure12" label="Dominance/default_ns/edge">
        </edge>
        <edge id="e227" source="rootCorpus/subCorpus2/doc4#structure12" target="rootCorpus/subCorpus2/doc4#sTok10" label="Dominance/default_ns/edge">
        </edge>
        <edge id="e228" source="rootCorpus/subCorpus1/doc1#sTok1" target="rootCorpus/subCorpus1/doc1#sTok2" label="Ordering/annis/">
        </edge>
        <edge id="e229" source="rootCorpus/subCorpus1/doc1#sTok2" target="rootCorpus/subCorpus1/doc1#sTok3" label="Ordering/annis/">
        </edge>
        <edge id="e230" source="rootCorpus/subCorpus1/doc1#sTok3" target="rootCorpus/subCorpus1/doc1#sTok4" label="Ordering/annis/">
        </edge>
        <edge id="e231" source="rootCorpus/subCorpus1/doc1#sTok4" target="rootCorpus/subCorpus1/doc1#sTok5" label="Ordering/annis/">
        </edge>
        <edge id="e232" source="rootCorpus/subCorpus1/doc1#sTok5" target="rootCorpus/subCorpus1/doc1#sTok6" label="Ordering/annis/">
        </edge>
        <edge id="e233" source="rootCorpus/subCorpus1/doc1#sTok6" target="rootCorpus/subCorpus1/doc1#sTok7" label="Ordering/annis/">
        </edge>
        <edge id="e234" source="rootCorpus/subCorpus1/doc1#sTok7" target="rootCorpus/subCorpus1/doc1#sTok8" label="Ordering/annis/">
        </edge>
        <edge id="e235" source="rootCorpus/subCorpus1/doc1#sTok8" target="rootCorpus/subCorpus1/doc1#sTok9" label="Ordering/annis/">
        </edge>
        <edge id="e236" source="rootCorpus/subCorpus1/doc1#sTok9" target="rootCorpus/subCorpus1/doc1#sTok10" label="Ordering/annis/">
        </edge>
        <edge id="e237" source="rootCorpus/subCorpus1/doc1#sTok10" target="rootCorpus/subCorpus1/doc1#sTok11" label="Ordering/annis/">
        </edge>
        <edge id="e238" source="rootCorpus/subCorpus1/doc2#sTok1" target="rootCorpus/subCorpus1/doc2#sTok2" label="Ordering/annis/">
        </edge>
        <edge id="e239" source="rootCorpus/subCorpus1/doc2#sTok2" target="rootCorpus/subCorpus1/doc2#sTok3" label="Ordering/annis/">
        </edge>
        <edge id="e240" source="rootCorpus/subCorpus1/doc2#sTok3" target="rootCorpus/subCorpus1/doc2#sTok4" label="Ordering/annis/">
        </edge>
        <edge id="e241" source="rootCorpus/subCorpus1/doc2#sTok4" target="rootCorpus/subCorpus1/doc2#sTok5" label="Ordering/annis/">
        </edge>
        <edge id="e242" source="rootCorpus/subCorpus1/doc2#sTok5" target="rootCorpus/subCorpus1/doc2#sTok6" label="Ordering/annis/">
        </edge>
        <edge id="e243" source="rootCorpus/subCorpus1/doc2#sTok6" target="rootCorpus/subCorpus1/doc2#sTok7" label="Ordering/annis/">
        </edge>
        <edge id="e244" source="rootCorpus/subCorpus1/doc2#sTok7" target="rootCorpus/subCorpus1/doc2#sTok8" label="Ordering/annis/">
        </edge>
        <edge id="e245" source="rootCorpus/subCorpus1/doc2#sTok8" target="rootCorpus/subCorpus1/doc2#sTok9" label="Ordering/annis/">
        </edge>
        <edge id="e246" source="rootCorpus/subCorpus1/doc2#sTok9" target="rootCorpus/subCorpus1/doc2#sTok10" label="Ordering/annis/">
        </edge>
        <edge id="e247" source="rootCorpus/subCorpus1/doc2#sTok10" target="rootCorpus/subCorpus1/doc2#sTok11" label="Ordering/annis/">
        </edge>
        <edge id="e248" source="rootCorpus/subCorpus2/doc3#sTok1" target="rootCorpus/subCorpus2/doc3#sTok2" label="Ordering/annis/">
        </edge>
        <edge id="e249" source="rootCorpus/subCorpus2/doc3#sTok2" target="rootCorpus/subCorpus2/doc3#sTok3" label="Ordering/annis/">
        </edge>
        <edge id="e250" source="rootCorpus/subCorpus2/doc3#sTok3" target="rootCorpus/subCorpus2/doc3#sTok4" label="Ordering/annis/">
        </edge>
        <edge id="e251" source="rootCorpus/subCorpus2/doc3#sTok4" target="rootCorpus/subCorpus2/doc3#sTok5" label="Ordering/annis/">
        </edge>
        <edge id="e252" source="rootCorpus/subCorpus2/doc3#sTok5" target="rootCorpus/subCorpus2/doc3#sTok6" label="Ordering/annis/">
        </edge>
        <edge id="e253" source="rootCorpus/subCorpus2/doc3#sTok6" target="rootCorpus/subCorpus2/doc3#sTok7" label="Ordering/annis/">
        </edge>
        <edge id="e254" source="rootCorpus/subCorpus2/doc3#sTok7" target="rootCorpus/subCorpus2/doc3#sTok8" label="Ordering/annis/">
        </edge>
        <edge id="e255" source="rootCorpus/subCorpus2/doc3#sTok8" target="rootCorpus/subCorpus2/doc3#sTok9" label="Ordering/annis/">
        </edge>
        <edge id="e256" source="rootCorpus/subCorpus2/doc3#sTok9" target="rootCorpus/subCorpus2/doc3#sTok10" label="Ordering/annis/">
        </edge>
        <edge id="e257" source="rootCorpus/subCorpus2/doc3#sTok10" target="rootCorpus/subCorpus2/doc3#sTok11" label="Ordering/annis/">
        </edge>
        <edge id="e258" source="rootCorpus/subCorpus2/doc4#sTok1" target="rootCorpus/subCorpus2/doc4#sTok2" label="Ordering/annis/">
        </edge>
        <edge id="e259" source="rootCorpus/subCorpus2/doc4#sTok2" target="rootCorpus/subCorpus2/doc4#sTok3" label="Ordering/annis/">
        </edge>
        <edge id="e260" source="rootCorpus/subCorpus2/doc4#sTok3" target="rootCorpus/subCorpus2/doc4#sTok4" label="Ordering/annis/">
        </edge>
        <edge id="e261" source="rootCorpus/subCorpus2/doc4#sTok4" target="rootCorpus/subCorpus2/doc4#sTok5" label="Ordering/annis/">
        </edge>
        <edge id="e262" source="rootCorpus/subCorpus2/doc4#sTok5" target="rootCorpus/subCorpus2/doc4#sTok6" label="Ordering/annis/">
        </edge>
        <edge id="e263" source="rootCorpus/subCorpus2/doc4#sTok6" target="rootCorpus/subCorpus2/doc4#sTok7" label="Ordering/annis/">
        </edge>
        <edge id="e264" source="rootCorpus/subCorpus2/doc4#sTok7" target="rootCorpus/subCorpus2/doc4#sTok8" label="Ordering/annis/">
        </edge>
        <edge id="e265" source="rootCorpus/subCorpus2/doc4#sTok8" target="rootCorpus/subCorpus2/doc4#sTok9" label="Ordering/annis/">
        </edge>
        <edge id="e266" source="rootCorpus/subCorpus2/doc4#sTok9" target="rootCorpus/subCorpus2/doc4#sTok10" label="Ordering/annis/">
        </edge>
        <edge id="e267" source="rootCorpus/subCorpus2/doc4#sTok10" target="rootCorpus/subCorpus2/doc4#sTok11" label="Ordering/annis/">
        </edge>
        <edge id="e268" source="rootCorpus/subCorpus1" target="rootCorpus" label="PartOf/annis/">
        </edge>
        <edge id="e269" source="rootCorpus/subCorpus2" target="rootCorpus" label="PartOf/annis/">
        </edge>
        <edge id="e270" source="rootCorpus/subCorpus1/doc1" target="rootCorpus/subCorpus1" label="PartOf/annis/">
        </edge>
        <edge id="e271" source="rootCorpus/subCorpus1/doc2" target="rootCorpus/subCorpus1" label="PartOf/annis/">
        </edge>
        <edge id="e272" source="rootCorpus/subCorpus2/doc3" target="rootCorpus/subCorpus2" label="PartOf/annis/">
        </edge>
        <edge id="e273" source="rootCorpus/subCorpus2/doc4" target="rootCorpus/subCorpus2" label="PartOf/annis/">
        </edge>
    </graph>
</graphml>
