---
source: src/exporter/saltxml/tests.rs
expression: result
---
<?xml version="1.1" encoding="UTF-8"?>
<sDocumentStructure:SDocumentGraph xmlns:sDocumentStructure="sDocumentStructure" xmlns:saltCore="saltCore" xmlns:xmi="http://www.omg.org/XMI" xmlns:xsi="http://www.w3.org/2001/XMLSchema-instance" xsi:version="2.0">
  <labels xsi:type="saltCore:SElementId" namespace="salt" name="id" value="T::salt:/root/doc1" />
  <nodes xsi:type="sDocumentStructure:SToken">
    <labels xsi:type="saltCore:SElementId" namespace="salt" name="id" value="T::salt:/root/doc1#tok0" />
    <labels xsi:type="saltCore:SFeature" namespace="salt" name="SNAME" value="doc1#tok0" />
  </nodes>
  <nodes xsi:type="sDocumentStructure:SToken">
    <labels xsi:type="saltCore:SElementId" namespace="salt" name="id" value="T::salt:/root/doc1#tok1" />
    <labels xsi:type="saltCore:SFeature" namespace="salt" name="SNAME" value="doc1#tok1" />
  </nodes>
  <nodes xsi:type="sDocumentStructure:SToken">
    <labels xsi:type="saltCore:SElementId" namespace="salt" name="id" value="T::salt:/root/doc1#tok2" />
    <labels xsi:type="saltCore:SFeature" namespace="salt" name="SNAME" value="doc1#tok2" />
  </nodes>
  <nodes xsi:type="sDocumentStructure:SToken">
    <labels xsi:type="saltCore:SElementId" namespace="salt" name="id" value="T::salt:/root/doc1#tok3" />
    <labels xsi:type="saltCore:SFeature" namespace="salt" name="SNAME" value="doc1#tok3" />
  </nodes>
  <nodes xsi:type="sDocumentStructure:SToken">
    <labels xsi:type="saltCore:SElementId" namespace="salt" name="id" value="T::salt:/root/doc1#tok4" />
    <labels xsi:type="saltCore:SFeature" namespace="salt" name="SNAME" value="doc1#tok4" />
  </nodes>
  <nodes xsi:type="sDocumentStructure:SToken">
    <labels xsi:type="saltCore:SElementId" namespace="salt" name="id" value="T::salt:/root/doc1#tok5" />
    <labels xsi:type="saltCore:SFeature" namespace="salt" name="SNAME" value="doc1#tok5" />
  </nodes>
  <nodes xsi:type="sDocumentStructure:SToken">
    <labels xsi:type="saltCore:SElementId" namespace="salt" name="id" value="T::salt:/root/doc1#tok6" />
    <labels xsi:type="saltCore:SFeature" namespace="salt" name="SNAME" value="doc1#tok6" />
  </nodes>
  <nodes xsi:type="sDocumentStructure:SToken">
    <labels xsi:type="saltCore:SElementId" namespace="salt" name="id" value="T::salt:/root/doc1#tok7" />
    <labels xsi:type="saltCore:SFeature" namespace="salt" name="SNAME" value="doc1#tok7" />
  </nodes>
  <nodes xsi:type="sDocumentStructure:SToken">
    <labels xsi:type="saltCore:SElementId" namespace="salt" name="id" value="T::salt:/root/doc1#tok8" />
    <labels xsi:type="saltCore:SFeature" namespace="salt" name="SNAME" value="doc1#tok8" />
  </nodes>
  <nodes xsi:type="sDocumentStructure:SToken">
    <labels xsi:type="saltCore:SElementId" namespace="salt" name="id" value="T::salt:/root/doc1#tok9" />
    <labels xsi:type="saltCore:SFeature" namespace="salt" name="SNAME" value="doc1#tok9" />
  </nodes>
  <nodes xsi:type="sDocumentStructure:SToken">
    <labels xsi:type="saltCore:SElementId" namespace="salt" name="id" value="T::salt:/root/doc1#tok10" />
    <labels xsi:type="saltCore:SFeature" namespace="salt" name="SNAME" value="doc1#tok10" />
  </nodes>
  <nodes xsi:type="sDocumentStructure:SSpan">
    <labels xsi:type="saltCore:SElementId" namespace="salt" name="id" value="T::salt:/root/doc1#span1" />
    <labels xsi:type="saltCore:SFeature" namespace="salt" name="SNAME" value="doc1#span1" />
    <labels xsi:type="saltCore:SAnnotation" namespace="default_ns" name="phrase" value="T::this example" />
  </nodes>
</sDocumentStructure:SDocumentGraph>
