---
source: src/exporter/saltxml/tests.rs
expression: doc
---
<?xml version="1.0" encoding="UTF-8"?>
<sDocumentStructure:SDocumentGraph xmlns:sDocumentStructure="sDocumentStructure" xmlns:saltCore="saltCore" xmlns:xmi="http://www.omg.org/XMI" xmlns:xsi="http://www.w3.org/2001/XMLSchema-instance" xsi:version="2.0">
  <labels xsi:type="saltCore:SElementId" namespace="salt" name="id" value="T::salt:/root/doc1"/>
  <nodes xsi:type="sDocumentStructure:SToken">
    <labels xsi:type="saltCore:SElementId" namespace="salt" name="id" value="T::salt:/root/doc1#tok4"/>
    <labels xsi:type="saltCore:SFeature" namespace="salt" name="SNAME" value="T::tok4"/>
  </nodes>
  <nodes xsi:type="sDocumentStructure:SToken">
    <labels xsi:type="saltCore:SElementId" namespace="salt" name="id" value="T::salt:/root/doc1#tok3"/>
    <labels xsi:type="saltCore:SFeature" namespace="salt" name="SNAME" value="T::tok3"/>
  </nodes>
  <nodes xsi:type="sDocumentStructure:SToken">
    <labels xsi:type="saltCore:SElementId" namespace="salt" name="id" value="T::salt:/root/doc1#tok2"/>
    <labels xsi:type="saltCore:SFeature" namespace="salt" name="SNAME" value="T::tok2"/>
  </nodes>
  <nodes xsi:type="sDocumentStructure:SToken">
    <labels xsi:type="saltCore:SElementId" namespace="salt" name="id" value="T::salt:/root/doc1#tok1"/>
    <labels xsi:type="saltCore:SFeature" namespace="salt" name="SNAME" value="T::tok1"/>
  </nodes>
  <nodes xsi:type="sDocumentStructure:SToken">
    <labels xsi:type="saltCore:SElementId" namespace="salt" name="id" value="T::salt:/root/doc1#tok0"/>
    <labels xsi:type="saltCore:SFeature" namespace="salt" name="SNAME" value="T::tok0"/>
  </nodes>
  <nodes xsi:type="sDocumentStructure:STextualDS">
    <labels xsi:type="saltCore:SElementId" namespace="salt" name="id" value="T::salt:/root/doc1#sText1"/>
    <labels xsi:type="saltCore:SFeature" namespace="salt" name="SNAME" value="T::sText1"/>
    <labels xsi:type="saltCore:SFeature" namespace="saltCommon" name="SDATA" value="T::Anöther example for a &apos;Tractaͤtlein&apos;"/>
  </nodes>
  <edges xsi:type="sDocumentStructure:STextualRelation" source="//@nodes.4" target="//@nodes.5">
    <labels xsi:type="saltCore:SFeature" namespace="salt" name="SSTART" value="N::0"/>
    <labels xsi:type="saltCore:SFeature" namespace="salt" name="SEND" value="N::7"/>
  </edges>
  <edges xsi:type="sDocumentStructure:STextualRelation" source="//@nodes.3" target="//@nodes.5">
    <labels xsi:type="saltCore:SFeature" namespace="salt" name="SSTART" value="N::8"/>
    <labels xsi:type="saltCore:SFeature" namespace="salt" name="SEND" value="N::15"/>
  </edges>
  <edges xsi:type="sDocumentStructure:STextualRelation" source="//@nodes.2" target="//@nodes.5">
    <labels xsi:type="saltCore:SFeature" namespace="salt" name="SSTART" value="N::16"/>
    <labels xsi:type="saltCore:SFeature" namespace="salt" name="SEND" value="N::19"/>
  </edges>
  <edges xsi:type="sDocumentStructure:STextualRelation" source="//@nodes.1" target="//@nodes.5">
    <labels xsi:type="saltCore:SFeature" namespace="salt" name="SSTART" value="N::20"/>
    <labels xsi:type="saltCore:SFeature" namespace="salt" name="SEND" value="N::21"/>
  </edges>
  <edges xsi:type="sDocumentStructure:STextualRelation" source="//@nodes.0" target="//@nodes.5">
    <labels xsi:type="saltCore:SFeature" namespace="salt" name="SSTART" value="N::23"/>
    <labels xsi:type="saltCore:SFeature" namespace="salt" name="SEND" value="N::35"/>
  </edges>
  <layers xsi:type="saltCore:SLayer">
    <labels xsi:type="saltCore:SElementId" namespace="salt" name="id" value="T::l0"/>
    <labels xsi:type="saltCore:SFeature" namespace="salt" name="SNAME" value="T::annis"/>
  </layers>
</sDocumentStructure:SDocumentGraph>
