---
source: tests/cli.rs
expression: output
---
|:-:|:-:|
| Import formats | conllu, exmaralda, graphml, meta, none, opus, path, ptb, textgrid, toolbox, treetagger, xlsx, xml|
|:-:|:-:|
| Export formats | graphml, exmaralda, xlsx|
|:-:|:-:|
| Graph operations | check, collapse, enumerate, link, map, merge, revise, chunk, none|
|-

Use `annatto info <name>` to get more information about one of the formats or graph operations.


