---
source: tests/cli.rs
assertion_line: 16
expression: output
---
annatto <version>
Define a conversion operation

USAGE:
    annatto <SUBCOMMAND>

FLAGS:
    -h, --help       Prints help information
    -V, --version    Prints version information

SUBCOMMANDS:
    help                  Prints this message or the help of the given subcommand(s)
    run                   Run a conversion pipeline from a workflow file
    show-documentation    Show the documentation for this version of Annatto in the browser
    validate              Only check if a workflow files can be imported. Invalid workflow files will lead to a non-
                          zero exit code

