---
source: tests/cli.rs
expression: output
---
                                                                                                                                          [1m[4mGraph operations[0m
[4mmerge (graph operation)[0m

Merge multiple imported corpora into one corpus.

[3mConfiguration[0m

┌name─────────────┬description───────────────────────────────────────────────────────────┐
│ error_policy    │ Define how to handle merging errrors.                                │
│                 │ Use "fail" if the whole conversion should fail, "drop" to remove the │
│                 │ documents having errors and "forward" to keep the documents and just │
│                 │ report the errors.                                                   │
├─────────────────┼──────────────────────────────────────────────────────────────────────┤
│ check_names     │                                                                      │
├─────────────────┼──────────────────────────────────────────────────────────────────────┤
│ keep_name       │                                                                      │
├─────────────────┼──────────────────────────────────────────────────────────────────────┤
│ optional_values │                                                                      │
├─────────────────┼──────────────────────────────────────────────────────────────────────┤
│ optional_chars  │                                                                      │
├─────────────────┼──────────────────────────────────────────────────────────────────────┤
│ silent          │                                                                      │
├─────────────────┼──────────────────────────────────────────────────────────────────────┤
│ report_details  │                                                                      │
├─────────────────┼──────────────────────────────────────────────────────────────────────┤
│ skip_components │                                                                      │
└─────────────────┴──────────────────────────────────────────────────────────────────────┘
