---
source: tests/cli.rs
expression: output
---
Importers

xlsx (importer)

Imports Excel Spreadsheets where each line is a token, the other columns are
spans and merged cells can be used for spans that cover more than one token.

Configuration

┌name────────┬description┐
│ column_map │           │
├────────────┼───────────┤
│ fallback   │           │
├────────────┼───────────┤
│ datasheet  │           │
├────────────┼───────────┤
│ metasheet  │           │
└────────────┴───────────┘
Exporters

xlsx (exporter)

Exports Excel Spreadsheets where each line is a token, the other columns are
spans and merged cells can be used for spans that cover more than one token.

Configuration

┌name───────────────┬description─────────────────────────────────────────────┐
│ include_namespace │ Include the annotation namespace in the column header. │
├───────────────────┼────────────────────────────────────────────────────────┤
│ annotation_order  │                                                        │
└───────────────────┴────────────────────────────────────────────────────────┘
