---
source: tests/cli.rs
expression: output
---
Importer formats: conllu, exmaralda, graphml, meta, none, opus, path, ptb, textgrid, treetagger, xlsx, xml
Exporter formats: graphml, exmaralda, xlsx
Graph operations: check, collapse, enumerate, link, map, merge, revise, chunk, none
[38;5;238m―――――――――――――――――――――――――――――――――――――――――――――――――――――――――――――――――――――――――――――――――――――――――――――――――――――――――――――――――――――――――――――――――――――――――――――――――――――――――――――――――――――――――――――――――――――――――――――――――――――――――――――――――――――――――――――――――――――――――――――――――――――――――――――――――――――――――――――――――――――――――――――――――――――[39m
Use [48;5;235m[38;5;249mannatto info <name>[49m[39m to get more information about one of the formats or graph operations.
[38;5;238m―――――――――――――――――――――――――――――――――――――――――――――――――――――――――――――――――――――――――――――――――――――――――――――――――――――――――――――――――――――――――――――――――――――――――――――――――――――――――――――――――――――――――――――――――――――――――――――――――――――――――――――――――――――――――――――――――――――――――――――――――――――――――――――――――――――――――――――――――――――――――――――――――――――[39m
