---
source: src/workflow.rs
expression: actual_files
---
[db_dir]/root
[db_dir]/root/current
[db_dir]/root/current/global_statistics.toml
[db_dir]/root/current/gs
[db_dir]/root/current/gs/Coverage
[db_dir]/root/current/gs/Coverage/annis
[db_dir]/root/current/gs/Coverage/annis/annos.bin
[db_dir]/root/current/gs/Coverage/annis/edges.bin
[db_dir]/root/current/gs/Coverage/annis/impl.cfg
[db_dir]/root/current/gs/Coverage/annis/inherited-coverage
[db_dir]/root/current/gs/Coverage/annis/inherited-coverage/annos.bin
[db_dir]/root/current/gs/Coverage/annis/inherited-coverage/edges.bin
[db_dir]/root/current/gs/Coverage/annis/inherited-coverage/impl.cfg
[db_dir]/root/current/gs/Coverage/annis/inherited-coverage/inverse_edges.bin
[db_dir]/root/current/gs/Coverage/annis/inverse_edges.bin
[db_dir]/root/current/gs/Coverage/annis/stats.toml
[db_dir]/root/current/gs/Coverage/default_layer
[db_dir]/root/current/gs/Coverage/default_layer/annos.bin
[db_dir]/root/current/gs/Coverage/default_layer/edges.bin
[db_dir]/root/current/gs/Coverage/default_layer/impl.cfg
[db_dir]/root/current/gs/Coverage/default_layer/inverse_edges.bin
[db_dir]/root/current/gs/Coverage/default_layer/stats.toml
[db_dir]/root/current/gs/LeftToken
[db_dir]/root/current/gs/LeftToken/annis
[db_dir]/root/current/gs/LeftToken/annis/annos.bin
[db_dir]/root/current/gs/LeftToken/annis/edges.bin
[db_dir]/root/current/gs/LeftToken/annis/impl.cfg
[db_dir]/root/current/gs/LeftToken/annis/inverse_edges.bin
[db_dir]/root/current/gs/Ordering
[db_dir]/root/current/gs/Ordering/annis
[db_dir]/root/current/gs/Ordering/annis/annos.bin
[db_dir]/root/current/gs/Ordering/annis/impl.cfg
[db_dir]/root/current/gs/Ordering/annis/node_chains.bin
[db_dir]/root/current/gs/Ordering/annis/node_to_pos.bin
[db_dir]/root/current/gs/Ordering/annis/stats.toml
[db_dir]/root/current/gs/Ordering/default_ns
[db_dir]/root/current/gs/Ordering/default_ns/a
[db_dir]/root/current/gs/Ordering/default_ns/a/annos.bin
[db_dir]/root/current/gs/Ordering/default_ns/a/edges.bin
[db_dir]/root/current/gs/Ordering/default_ns/a/impl.cfg
[db_dir]/root/current/gs/Ordering/default_ns/a/inverse_edges.bin
[db_dir]/root/current/gs/Ordering/default_ns/a/stats.toml
[db_dir]/root/current/gs/Ordering/default_ns/b
[db_dir]/root/current/gs/Ordering/default_ns/b/annos.bin
[db_dir]/root/current/gs/Ordering/default_ns/b/edges.bin
[db_dir]/root/current/gs/Ordering/default_ns/b/impl.cfg
[db_dir]/root/current/gs/Ordering/default_ns/b/inverse_edges.bin
[db_dir]/root/current/gs/Ordering/default_ns/b/stats.toml
[db_dir]/root/current/gs/PartOf
[db_dir]/root/current/gs/PartOf/annis
[db_dir]/root/current/gs/PartOf/annis/annos.bin
[db_dir]/root/current/gs/PartOf/annis/edges.bin
[db_dir]/root/current/gs/PartOf/annis/impl.cfg
[db_dir]/root/current/gs/PartOf/annis/inverse_edges.bin
[db_dir]/root/current/gs/PartOf/annis/stats.toml
[db_dir]/root/current/gs/RightToken
[db_dir]/root/current/gs/RightToken/annis
[db_dir]/root/current/gs/RightToken/annis/annos.bin
[db_dir]/root/current/gs/RightToken/annis/edges.bin
[db_dir]/root/current/gs/RightToken/annis/impl.cfg
[db_dir]/root/current/gs/RightToken/annis/inverse_edges.bin
[db_dir]/root/current/nodes_v1.bin
