---
source: src/exporter/treetagger/tests.rs
expression: export.unwrap()
---
---- doc1.tt:
<something something="annotated">
Is	VBZ	be
this	DT	this
<anotherthing anotherthing="annotated" evenmore="&lt;unknown-values&gt;">
example	NN	example
</something>
more	RBR	more
</anotherthing>
complicated	JJ	complicated
than	IN	than
it	PP	it
appears	VBZ	appear
to	TO	to
be	VB	be
?	SENT	?
